*%(basename)s:14: SyntaxError: Tail call expression in for-in/of body
    return continue f()  ;
           ^^^^^^^^^^^^
SyntaxError: Tail call expression in for-in/of body
