*%(basename)s:13: SyntaxError: Tail call expression is not allowed here
  return   continue f()   && a ;
           ^^^^^^^^^^^^
SyntaxError: Tail call expression is not allowed here
