*%(basename)s:14: SyntaxError: Tail call expression in try block
    return continue f()  ;
           ^^^^^^^^^^^^
SyntaxError: Tail call expression in try block
