*%(basename)s:13: SyntaxError: Tail call expression is not allowed here
  return 1, 2, 3,   continue f() , 4  ;
                    ^^^^^^^^^^^^
SyntaxError: Tail call expression is not allowed here
