#
# Autogenerated by generate-bytecode-expectations.
#

---
pool type: mixed
execute: yes
wrap: yes

---
snippet: "
  g = function(){}; eval(''); return g();
"
frame size: 10
parameter count: 1
bytecode array length: 86
bytecodes: [
                B(CreateFunctionContext), U8(3),
                B(PushContext), R(0),
                B(Ldar), R(this),
                B(StaContextSlot), R(context), U8(4),
                B(CreateMappedArguments),
                B(StaContextSlot), R(context), U8(5),
                B(Ldar), R(new_target),
                B(StaContextSlot), R(context), U8(6),
  /*   30 E> */ B(StackCheck),
  /*   34 S> */ B(CreateClosure), U8(0), U8(2),
  /*   36 E> */ B(StaLookupSlotSloppy), U8(1),
  /*   52 S> */ B(LdaConstant), U8(2),
                B(Star), R(3),
                B(CallRuntimeForPair), U16(Runtime::kLoadLookupSlotForCall), R(3), U8(1), R(1),
                B(LdaConstant), U8(3),
                B(Star), R(3),
                B(LdaZero),
                B(Star), R(7),
                B(LdaSmi), U8(30),
                B(Star), R(8),
                B(LdaSmi), U8(52),
                B(Star), R(9),
                B(Mov), R(1), R(4),
                B(Mov), R(3), R(5),
                B(Mov), R(closure), R(6),
                B(CallRuntime), U16(Runtime::kResolvePossiblyDirectEval), R(4), U8(6),
                B(Star), R(1),
  /*   52 E> */ B(Call), R(1), R(2), U8(2), U8(0),
  /*   62 S> */ B(LdaConstant), U8(1),
                B(Star), R(3),
                B(CallRuntimeForPair), U16(Runtime::kLoadLookupSlotForCall), R(3), U8(1), R(1),
  /*   69 E> */ B(Call), R(1), R(2), U8(1), U8(3),
  /*   74 S> */ B(Return),
]
constant pool: [
  InstanceType::SHARED_FUNCTION_INFO_TYPE,
  InstanceType::ONE_BYTE_INTERNALIZED_STRING_TYPE,
  InstanceType::ONE_BYTE_INTERNALIZED_STRING_TYPE,
  InstanceType::ONE_BYTE_INTERNALIZED_STRING_TYPE,
]
handlers: [
]

