#
# Autogenerated by generate-bytecode-expectations.
#

---
wrap: yes

---
snippet: "
  return eval('1;');
"
frame size: 9
parameter count: 1
bytecode array length: 58
bytecodes: [
                B(CreateFunctionContext), U8(3),
                B(PushContext), R(0),
                B(Ldar), R(this),
                B(StaCurrentContextSlot), U8(4),
                B(CreateMappedArguments),
                B(StaCurrentContextSlot), U8(6),
                B(Ldar), R(new_target),
                B(StaCurrentContextSlot), U8(5),
  /*   30 E> */ B(StackCheck),
  /*   34 S> */ B(LdaLookupGlobalSlot), U8(0), U8(4), U8(1),
                B(Star), R(1),
                B(LdaConstant), U8(1),
                B(Star), R(2),
                B(LdaZero),
                B(Star), R(6),
                B(LdaSmi), I8(30),
                B(Star), R(7),
                B(LdaSmi), I8(41),
                B(Star), R(8),
                B(Mov), R(1), R(3),
                B(Mov), R(2), R(4),
                B(Mov), R(closure), R(5),
                B(CallRuntime), U16(Runtime::kResolvePossiblyDirectEval), R(3), U8(6),
                B(Star), R(1),
  /*   41 E> */ B(CallUndefinedReceiver1), R(1), R(2), U8(2),
  /*   53 S> */ B(Return),
]
constant pool: [
  ONE_BYTE_INTERNALIZED_STRING_TYPE ["eval"],
  ONE_BYTE_INTERNALIZED_STRING_TYPE ["1;"],
]
handlers: [
]

