#
# Autogenerated by generate-bytecode-expectations.
#

---
wrap: yes

---
snippet: "
  var x = 0; return x;
"
frame size: 1
parameter count: 1
bytecode array length: 6
bytecodes: [
  /*   30 E> */ B(StackCheck),
  /*   42 S> */ B(LdaZero),
                B(Star), R(0),
  /*   45 S> */ B(Nop),
  /*   55 S> */ B(Return),
]
constant pool: [
]
handlers: [
]

---
snippet: "
  var x = 0; return x + 3;
"
frame size: 1
parameter count: 1
bytecode array length: 9
bytecodes: [
  /*   30 E> */ B(StackCheck),
  /*   42 S> */ B(LdaZero),
                B(Star), R(0),
  /*   45 S> */ B(Nop),
  /*   54 E> */ B(AddSmi), I8(3), U8(2),
  /*   59 S> */ B(Return),
]
constant pool: [
]
handlers: [
]

---
snippet: "
  var x = 0; return 3 + x;
"
frame size: 2
parameter count: 1
bytecode array length: 14
bytecodes: [
  /*   30 E> */ B(StackCheck),
  /*   42 S> */ B(LdaZero),
                B(Star), R(0),
  /*   45 S> */ B(LdaSmi), I8(3),
                B(Star), R(1),
                B(Ldar), R(0),
  /*   54 E> */ B(Add), R(1), U8(2),
  /*   59 S> */ B(Return),
]
constant pool: [
]
handlers: [
]

---
snippet: "
  var x = 0; return x - 3;
"
frame size: 1
parameter count: 1
bytecode array length: 9
bytecodes: [
  /*   30 E> */ B(StackCheck),
  /*   42 S> */ B(LdaZero),
                B(Star), R(0),
  /*   45 S> */ B(Nop),
  /*   54 E> */ B(SubSmi), I8(3), U8(2),
  /*   59 S> */ B(Return),
]
constant pool: [
]
handlers: [
]

---
snippet: "
  var x = 0; return 3 - x;
"
frame size: 2
parameter count: 1
bytecode array length: 14
bytecodes: [
  /*   30 E> */ B(StackCheck),
  /*   42 S> */ B(LdaZero),
                B(Star), R(0),
  /*   45 S> */ B(LdaSmi), I8(3),
                B(Star), R(1),
                B(Ldar), R(0),
  /*   54 E> */ B(Sub), R(1), U8(2),
  /*   59 S> */ B(Return),
]
constant pool: [
]
handlers: [
]

---
snippet: "
  var x = 4; return x * 3;
"
frame size: 1
parameter count: 1
bytecode array length: 10
bytecodes: [
  /*   30 E> */ B(StackCheck),
  /*   42 S> */ B(LdaSmi), I8(4),
                B(Star), R(0),
  /*   45 S> */ B(Nop),
  /*   54 E> */ B(MulSmi), I8(3), U8(2),
  /*   59 S> */ B(Return),
]
constant pool: [
]
handlers: [
]

---
snippet: "
  var x = 4; return 3 * x;
"
frame size: 1
parameter count: 1
bytecode array length: 10
bytecodes: [
  /*   30 E> */ B(StackCheck),
  /*   42 S> */ B(LdaSmi), I8(4),
                B(Star), R(0),
  /*   45 S> */ B(Nop),
  /*   54 E> */ B(MulSmi), I8(3), U8(2),
  /*   59 S> */ B(Return),
]
constant pool: [
]
handlers: [
]

---
snippet: "
  var x = 4; return x / 3;
"
frame size: 1
parameter count: 1
bytecode array length: 10
bytecodes: [
  /*   30 E> */ B(StackCheck),
  /*   42 S> */ B(LdaSmi), I8(4),
                B(Star), R(0),
  /*   45 S> */ B(Nop),
  /*   54 E> */ B(DivSmi), I8(3), U8(2),
  /*   59 S> */ B(Return),
]
constant pool: [
]
handlers: [
]

---
snippet: "
  var x = 4; return 3 / x;
"
frame size: 2
parameter count: 1
bytecode array length: 15
bytecodes: [
  /*   30 E> */ B(StackCheck),
  /*   42 S> */ B(LdaSmi), I8(4),
                B(Star), R(0),
  /*   45 S> */ B(LdaSmi), I8(3),
                B(Star), R(1),
                B(Ldar), R(0),
  /*   54 E> */ B(Div), R(1), U8(2),
  /*   59 S> */ B(Return),
]
constant pool: [
]
handlers: [
]

---
snippet: "
  var x = 4; return x % 3;
"
frame size: 1
parameter count: 1
bytecode array length: 10
bytecodes: [
  /*   30 E> */ B(StackCheck),
  /*   42 S> */ B(LdaSmi), I8(4),
                B(Star), R(0),
  /*   45 S> */ B(Nop),
  /*   54 E> */ B(ModSmi), I8(3), U8(2),
  /*   59 S> */ B(Return),
]
constant pool: [
]
handlers: [
]

---
snippet: "
  var x = 4; return 3 % x;
"
frame size: 2
parameter count: 1
bytecode array length: 15
bytecodes: [
  /*   30 E> */ B(StackCheck),
  /*   42 S> */ B(LdaSmi), I8(4),
                B(Star), R(0),
  /*   45 S> */ B(LdaSmi), I8(3),
                B(Star), R(1),
                B(Ldar), R(0),
  /*   54 E> */ B(Mod), R(1), U8(2),
  /*   59 S> */ B(Return),
]
constant pool: [
]
handlers: [
]

---
snippet: "
  var x = 1; return x | 2;
"
frame size: 1
parameter count: 1
bytecode array length: 10
bytecodes: [
  /*   30 E> */ B(StackCheck),
  /*   42 S> */ B(LdaSmi), I8(1),
                B(Star), R(0),
  /*   45 S> */ B(Nop),
  /*   54 E> */ B(BitwiseOrSmi), I8(2), U8(2),
  /*   59 S> */ B(Return),
]
constant pool: [
]
handlers: [
]

---
snippet: "
  var x = 1; return 2 | x;
"
frame size: 1
parameter count: 1
bytecode array length: 10
bytecodes: [
  /*   30 E> */ B(StackCheck),
  /*   42 S> */ B(LdaSmi), I8(1),
                B(Star), R(0),
  /*   45 S> */ B(Nop),
  /*   54 E> */ B(BitwiseOrSmi), I8(2), U8(2),
  /*   59 S> */ B(Return),
]
constant pool: [
]
handlers: [
]

---
snippet: "
  var x = 1; return x ^ 2;
"
frame size: 1
parameter count: 1
bytecode array length: 10
bytecodes: [
  /*   30 E> */ B(StackCheck),
  /*   42 S> */ B(LdaSmi), I8(1),
                B(Star), R(0),
  /*   45 S> */ B(Nop),
  /*   54 E> */ B(BitwiseXorSmi), I8(2), U8(2),
  /*   59 S> */ B(Return),
]
constant pool: [
]
handlers: [
]

---
snippet: "
  var x = 1; return 2 ^ x;
"
frame size: 1
parameter count: 1
bytecode array length: 10
bytecodes: [
  /*   30 E> */ B(StackCheck),
  /*   42 S> */ B(LdaSmi), I8(1),
                B(Star), R(0),
  /*   45 S> */ B(Nop),
  /*   54 E> */ B(BitwiseXorSmi), I8(2), U8(2),
  /*   59 S> */ B(Return),
]
constant pool: [
]
handlers: [
]

---
snippet: "
  var x = 1; return x & 2;
"
frame size: 1
parameter count: 1
bytecode array length: 10
bytecodes: [
  /*   30 E> */ B(StackCheck),
  /*   42 S> */ B(LdaSmi), I8(1),
                B(Star), R(0),
  /*   45 S> */ B(Nop),
  /*   54 E> */ B(BitwiseAndSmi), I8(2), U8(2),
  /*   59 S> */ B(Return),
]
constant pool: [
]
handlers: [
]

---
snippet: "
  var x = 1; return 2 & x;
"
frame size: 1
parameter count: 1
bytecode array length: 10
bytecodes: [
  /*   30 E> */ B(StackCheck),
  /*   42 S> */ B(LdaSmi), I8(1),
                B(Star), R(0),
  /*   45 S> */ B(Nop),
  /*   54 E> */ B(BitwiseAndSmi), I8(2), U8(2),
  /*   59 S> */ B(Return),
]
constant pool: [
]
handlers: [
]

---
snippet: "
  var x = 10; return x << 3;
"
frame size: 1
parameter count: 1
bytecode array length: 10
bytecodes: [
  /*   30 E> */ B(StackCheck),
  /*   42 S> */ B(LdaSmi), I8(10),
                B(Star), R(0),
  /*   46 S> */ B(Nop),
  /*   55 E> */ B(ShiftLeftSmi), I8(3), U8(2),
  /*   61 S> */ B(Return),
]
constant pool: [
]
handlers: [
]

---
snippet: "
  var x = 10; return 3 << x;
"
frame size: 2
parameter count: 1
bytecode array length: 15
bytecodes: [
  /*   30 E> */ B(StackCheck),
  /*   42 S> */ B(LdaSmi), I8(10),
                B(Star), R(0),
  /*   46 S> */ B(LdaSmi), I8(3),
                B(Star), R(1),
                B(Ldar), R(0),
  /*   55 E> */ B(ShiftLeft), R(1), U8(2),
  /*   61 S> */ B(Return),
]
constant pool: [
]
handlers: [
]

---
snippet: "
  var x = 10; return x >> 3;
"
frame size: 1
parameter count: 1
bytecode array length: 10
bytecodes: [
  /*   30 E> */ B(StackCheck),
  /*   42 S> */ B(LdaSmi), I8(10),
                B(Star), R(0),
  /*   46 S> */ B(Nop),
  /*   55 E> */ B(ShiftRightSmi), I8(3), U8(2),
  /*   61 S> */ B(Return),
]
constant pool: [
]
handlers: [
]

---
snippet: "
  var x = 10; return 3 >> x;
"
frame size: 2
parameter count: 1
bytecode array length: 15
bytecodes: [
  /*   30 E> */ B(StackCheck),
  /*   42 S> */ B(LdaSmi), I8(10),
                B(Star), R(0),
  /*   46 S> */ B(LdaSmi), I8(3),
                B(Star), R(1),
                B(Ldar), R(0),
  /*   55 E> */ B(ShiftRight), R(1), U8(2),
  /*   61 S> */ B(Return),
]
constant pool: [
]
handlers: [
]

---
snippet: "
  var x = 10; return x >>> 3;
"
frame size: 1
parameter count: 1
bytecode array length: 10
bytecodes: [
  /*   30 E> */ B(StackCheck),
  /*   42 S> */ B(LdaSmi), I8(10),
                B(Star), R(0),
  /*   46 S> */ B(Nop),
  /*   55 E> */ B(ShiftRightLogicalSmi), I8(3), U8(2),
  /*   62 S> */ B(Return),
]
constant pool: [
]
handlers: [
]

---
snippet: "
  var x = 10; return 3 >>> x;
"
frame size: 2
parameter count: 1
bytecode array length: 15
bytecodes: [
  /*   30 E> */ B(StackCheck),
  /*   42 S> */ B(LdaSmi), I8(10),
                B(Star), R(0),
  /*   46 S> */ B(LdaSmi), I8(3),
                B(Star), R(1),
                B(Ldar), R(0),
  /*   55 E> */ B(ShiftRightLogical), R(1), U8(2),
  /*   62 S> */ B(Return),
]
constant pool: [
]
handlers: [
]

---
snippet: "
  var x = 0; return (x, 3);
"
frame size: 1
parameter count: 1
bytecode array length: 7
bytecodes: [
  /*   30 E> */ B(StackCheck),
  /*   42 S> */ B(LdaZero),
                B(Star), R(0),
  /*   45 S> */ B(LdaSmi), I8(3),
  /*   60 S> */ B(Return),
]
constant pool: [
]
handlers: [
]

