#
# Autogenerated by generate-bytecode-expectations.
#

---
pool type: mixed
execute: yes
wrap: yes

---
snippet: "
  with ({x:42}) { return x; }
"
frame size: 3
parameter count: 1
bytecode array length: 21
bytecodes: [
  /*   30 E> */ B(StackCheck),
  /*   34 S> */ B(CreateObjectLiteral), U8(0), U8(0), U8(1), R(1),
                B(Ldar), R(1),
                B(ToObject), R(2),
                B(Ldar), R(closure),
                B(CreateWithContext), R(2),
                B(PushContext), R(0),
  /*   50 S> */ B(LdaLookupSlot), U8(1),
                B(PopContext), R(0),
  /*   62 S> */ B(Return),
]
constant pool: [
  InstanceType::FIXED_ARRAY_TYPE,
  InstanceType::ONE_BYTE_INTERNALIZED_STRING_TYPE,
]
handlers: [
]

